03:32:39 **** Incremental Build of configuration Release for project NVIC_GPIO_RCC ****
make all 
Invoking: Cross ARM GNU Print Size
arm-none-eabi-size --format=berkeley "NVIC_GPIO_RCC.elf"
   text	   data	    bss	    dec	    hex	filename
   2194	     48	    264	   2506	    9ca	NVIC_GPIO_RCC.elf
Finished building: NVIC_GPIO_RCC.siz
 
03:37:48 **** Incremental Build of configuration Debug for project NVIC_GPIO_RCC ****
make all 
Invoking: Cross ARM GNU Print Size
arm-none-eabi-size --format=berkeley "NVIC_GPIO_RCC.elf"
   text	   data	    bss	    dec	    hex	filename
   6155	    156	    416	   6727	   1a47	NVIC_GPIO_RCC.elf
Finished building: NVIC_GPIO_RCC.siz
 
03:38:07 **** Incremental Build of configuration Debug for project NVIC_GPIO_RCC ****
make all 
Invoking: Cross ARM GNU Print Size
arm-none-eabi-size --format=berkeley "NVIC_GPIO_RCC.elf"
   text	   data	    bss	    dec	    hex	filename
   6155	    156	    416	   6727	   1a47	NVIC_GPIO_RCC.elf
Finished building: NVIC_GPIO_RCC.siz
 
03:40:00 **** Incremental Build of configuration Debug for project NVIC_GPIO_RCC ****
make all 
Invoking: Cross ARM GNU Print Size
arm-none-eabi-size --format=berkeley "NVIC_GPIO_RCC.elf"
   text	   data	    bss	    dec	    hex	filename
   6155	    156	    416	   6727	   1a47	NVIC_GPIO_RCC.elf
Finished building: NVIC_GPIO_RCC.siz
 
03:41:05 **** Incremental Build of configuration Debug for project NVIC_GPIO_RCC ****
make all 
Invoking: Cross ARM GNU Print Size
arm-none-eabi-size --format=berkeley "NVIC_GPIO_RCC.elf"
   text	   data	    bss	    dec	    hex	filename
   6155	    156	    416	   6727	   1a47	NVIC_GPIO_RCC.elf
Finished building: NVIC_GPIO_RCC.siz
 
03:42:02 **** Incremental Build of configuration Debug for project NVIC_GPIO_RCC ****
make all 
Invoking: Cross ARM GNU Print Size
arm-none-eabi-size --format=berkeley "NVIC_GPIO_RCC.elf"
   text	   data	    bss	    dec	    hex	filename
   6155	    156	    416	   6727	   1a47	NVIC_GPIO_RCC.elf
Finished building: NVIC_GPIO_RCC.siz
 
